2026-09-11 16:26:45.854  INFO 28516 --- [restartedMain] i.g.j.msCartoes.MsCartoesApplication     : Starting MsCartoesApplication using Java 11.0.32.1 on DESKTOP-S32H1DM with PID 28516 (D:\Cursos\Microserviços\msCartoes\target\classes started by Junior in D:\Cursos\Microserviços\msCartoes)
2026-09-11 16:26:45.855  INFO 28516 --- [restartedMain] i.g.j.msCartoes.MsCartoesApplication     : No active profile set, falling back to 1 default profile: "default"
2026-09-11 16:26:45.887  INFO 28516 --- [restartedMain] .e.DevToolsPropertyDefaultsPostProcessor : Devtools property defaults active! Set 'spring.devtools.add-properties' to 'false' to disable
2026-09-11 16:26:45.888  INFO 28516 --- [restartedMain] .e.DevToolsPropertyDefaultsPostProcessor : For additional web related logging consider setting the 'logging.level.web' property to 'DEBUG'
2026-09-11 16:26:46.413  INFO 28516 --- [restartedMain] .s.d.r.c.RepositoryConfigurationDelegate : Bootstrapping Spring Data JPA repositories in DEFAULT mode.
2026-09-11 16:26:46.447  INFO 28516 --- [restartedMain] .s.d.r.c.RepositoryConfigurationDelegate : Finished Spring Data repository scanning in 28 ms. Found 2 JPA repository interfaces.
2026-09-11 16:26:46.571  INFO 28516 --- [restartedMain] o.s.cloud.context.scope.GenericScope     : BeanFactory id=0135246d-fc84-398d-892a-3a71b212d2cb
2026-09-11 16:26:46.949  INFO 28516 --- [restartedMain] o.s.b.w.embedded.tomcat.TomcatWebServer  : Tomcat initialized with port(s): 0 (http)
2026-09-11 16:26:46.954  INFO 28516 --- [restartedMain] o.apache.catalina.core.StandardService   : Starting service [Tomcat]
2026-09-11 16:26:46.955  INFO 28516 --- [restartedMain] org.apache.catalina.core.StandardEngine  : Starting Servlet engine: [Apache Tomcat/9.0.60]
2026-09-11 16:26:47.015  INFO 28516 --- [restartedMain] o.a.c.c.C.[Tomcat].[localhost].[/]       : Initializing Spring embedded WebApplicationContext
2026-09-11 16:26:47.016  INFO 28516 --- [restartedMain] w.s.c.ServletWebServerApplicationContext : Root WebApplicationContext: initialization completed in 1128 ms
2026-09-11 16:26:47.033  INFO 28516 --- [restartedMain] com.zaxxer.hikari.HikariDataSource       : HikariPool-1 - Starting...
2026-09-11 16:26:47.086  INFO 28516 --- [restartedMain] com.zaxxer.hikari.HikariDataSource       : HikariPool-1 - Start completed.
2026-09-11 16:26:47.092  INFO 28516 --- [restartedMain] o.s.b.a.h2.H2ConsoleAutoConfiguration    : H2 console available at '/h2-console'. Database available at 'jdbc:h2:mem:b1c26514-69ac-4c3c-b599-99e2abe4bae0'
2026-09-11 16:26:47.169  INFO 28516 --- [restartedMain] o.hibernate.jpa.internal.util.LogHelper  : HHH000204: Processing PersistenceUnitInfo [name: default]
2026-09-11 16:26:47.194  INFO 28516 --- [restartedMain] org.hibernate.Version                    : HHH000412: Hibernate ORM core version 5.6.7.Final
2026-09-11 16:26:47.268  INFO 28516 --- [restartedMain] o.hibernate.annotations.common.Version   : HCANN000001: Hibernate Commons Annotations {5.1.2.Final}
2026-09-11 16:26:47.321  INFO 28516 --- [restartedMain] org.hibernate.dialect.Dialect            : HHH000400: Using dialect: org.hibernate.dialect.H2Dialect
2026-09-11 16:26:47.592  INFO 28516 --- [restartedMain] o.h.e.t.j.p.i.JtaPlatformInitiator       : HHH000490: Using JtaPlatform implementation: [org.hibernate.engine.transaction.jta.platform.internal.NoJtaPlatform]
2026-09-11 16:26:47.596  INFO 28516 --- [restartedMain] j.LocalContainerEntityManagerFactoryBean : Initialized JPA EntityManagerFactory for persistence unit 'default'
2026-09-11 16:26:47.817  WARN 28516 --- [restartedMain] JpaBaseConfiguration$JpaWebConfiguration : spring.jpa.open-in-view is enabled by default. Therefore, database queries may be performed during view rendering. Explicitly configure spring.jpa.open-in-view to disable this warning
2026-09-11 16:26:48.257  INFO 28516 --- [restartedMain] o.s.b.d.a.OptionalLiveReloadServer       : LiveReload server is running on port 35729
2026-09-11 16:26:48.349  INFO 28516 --- [restartedMain] DiscoveryClientOptionalArgsConfiguration : Eureka HTTP Client uses RestTemplate.
2026-09-11 16:26:48.459  WARN 28516 --- [restartedMain] iguration$LoadBalancerCaffeineWarnLogger : Spring Cloud LoadBalancer is currently working with the default cache. While this cache implementation is useful for development and tests, it's recommended to use Caffeine cache in production.You can switch to using Caffeine cache, by adding it and org.springframework.cache.caffeine.CaffeineCacheManager to the classpath.
2026-09-11 16:26:48.492  INFO 28516 --- [restartedMain] o.s.b.w.embedded.tomcat.TomcatWebServer  : Tomcat started on port(s): 57841 (http) with context path ''
2026-09-11 16:26:48.494  INFO 28516 --- [restartedMain] .s.c.n.e.s.EurekaAutoServiceRegistration : Updating port to 57841
2026-09-11 16:26:48.496  INFO 28516 --- [restartedMain] o.s.c.n.eureka.InstanceInfoFactory       : Setting initial instance status as: STARTING
2026-09-11 16:26:48.539  INFO 28516 --- [restartedMain] com.netflix.discovery.DiscoveryClient    : Initializing Eureka in region us-east-1
2026-09-11 16:26:48.541  INFO 28516 --- [restartedMain] c.n.d.s.r.aws.ConfigClusterResolver      : Resolving eureka endpoints via configuration
2026-09-11 16:26:48.550  INFO 28516 --- [restartedMain] com.netflix.discovery.DiscoveryClient    : Disable delta property : false
2026-09-11 16:26:48.550  INFO 28516 --- [restartedMain] com.netflix.discovery.DiscoveryClient    : Single vip registry refresh property : null
2026-09-11 16:26:48.550  INFO 28516 --- [restartedMain] com.netflix.discovery.DiscoveryClient    : Force full registry fetch : false
2026-09-11 16:26:48.550  INFO 28516 --- [restartedMain] com.netflix.discovery.DiscoveryClient    : Application is null : false
2026-09-11 16:26:48.551  INFO 28516 --- [restartedMain] com.netflix.discovery.DiscoveryClient    : Registered Applications size is zero : true
2026-09-11 16:26:48.551  INFO 28516 --- [restartedMain] com.netflix.discovery.DiscoveryClient    : Application version is -1: true
2026-09-11 16:26:48.551  INFO 28516 --- [restartedMain] com.netflix.discovery.DiscoveryClient    : Getting all instance registry info from the eureka server
2026-09-11 16:26:48.731  INFO 28516 --- [restartedMain] com.netflix.discovery.DiscoveryClient    : The response status is 200
2026-09-11 16:26:48.733  INFO 28516 --- [restartedMain] com.netflix.discovery.DiscoveryClient    : Starting heartbeat executor: renew interval is: 30
2026-09-11 16:26:48.734  INFO 28516 --- [restartedMain] c.n.discovery.InstanceInfoReplicator     : InstanceInfoReplicator onDemand update allowed rate per min is 4
2026-09-11 16:26:48.737  INFO 28516 --- [restartedMain] com.netflix.discovery.DiscoveryClient    : Discovery Client initialized at timestamp 1789154808736 with initial instances count: 11
2026-09-11 16:26:48.738  INFO 28516 --- [restartedMain] o.s.c.n.e.s.EurekaServiceRegistry        : Registering application MSCARTOES with eureka with status UP
2026-09-11 16:26:48.738  INFO 28516 --- [restartedMain] com.netflix.discovery.DiscoveryClient    : Saw local status change event StatusChangeEvent [timestamp=1789154808738, current=UP, previous=STARTING]
2026-09-11 16:26:48.739  INFO 28516 --- [DiscoveryClient-InstanceInfoReplicator-0] com.netflix.discovery.DiscoveryClient    : DiscoveryClient_MSCARTOES/msCartoes:6d056f954487263d0e81578efc46952f : registering service...
2026-09-11 16:26:48.804  INFO 28516 --- [restartedMain] o.s.a.r.c.CachingConnectionFactory       : Attempting to connect to: [localhost:5672]
2026-09-11 16:26:48.819  INFO 28516 --- [DiscoveryClient-InstanceInfoReplicator-0] com.netflix.discovery.DiscoveryClient    : DiscoveryClient_MSCARTOES/msCartoes:6d056f954487263d0e81578efc46952f  - registration status: 204
2026-09-11 16:26:48.822  INFO 28516 --- [restartedMain] o.s.a.r.c.CachingConnectionFactory       : Created new connection: rabbitConnectionFactory#4c258479:0/SimpleConnection@3f71423a [delegate=amqp://guest@127.0.0.1:5672/, localPort= 57848]
2026-09-11 16:26:48.851  INFO 28516 --- [restartedMain] i.g.j.msCartoes.MsCartoesApplication     : Started MsCartoesApplication in 3.359 seconds (JVM running for 3.705)
2026-09-11 16:27:18.746  INFO 28516 --- [DiscoveryClient-HeartbeatExecutor-0] com.netflix.discovery.DiscoveryClient    : DiscoveryClient_MSCARTOES/msCartoes:6d056f954487263d0e81578efc46952f  - Re-registering apps/MSCARTOES
2026-09-11 16:27:18.746  INFO 28516 --- [DiscoveryClient-HeartbeatExecutor-0] com.netflix.discovery.DiscoveryClient    : DiscoveryClient_MSCARTOES/msCartoes:6d056f954487263d0e81578efc46952f : registering service...
2026-09-11 16:27:18.748  INFO 28516 --- [DiscoveryClient-HeartbeatExecutor-0] com.netflix.discovery.DiscoveryClient    : DiscoveryClient_MSCARTOES/msCartoes:6d056f954487263d0e81578efc46952f  - registration status: 204
2026-09-11 16:27:48.751  INFO 28516 --- [DiscoveryClient-HeartbeatExecutor-0] com.netflix.discovery.DiscoveryClient    : DiscoveryClient_MSCARTOES/msCartoes:6d056f954487263d0e81578efc46952f  - Re-registering apps/MSCARTOES
2026-09-11 16:27:48.752  INFO 28516 --- [DiscoveryClient-HeartbeatExecutor-0] com.netflix.discovery.DiscoveryClient    : DiscoveryClient_MSCARTOES/msCartoes:6d056f954487263d0e81578efc46952f : registering service...
2026-09-11 16:27:48.753  INFO 28516 --- [DiscoveryClient-HeartbeatExecutor-0] com.netflix.discovery.DiscoveryClient    : DiscoveryClient_MSCARTOES/msCartoes:6d056f954487263d0e81578efc46952f  - registration status: 204
2026-09-11 16:28:11.162  INFO 28516 --- [http-nio-auto-1-exec-1] o.a.c.c.C.[Tomcat].[localhost].[/]       : Initializing Spring DispatcherServlet 'dispatcherServlet'
2026-09-11 16:28:11.162  INFO 28516 --- [http-nio-auto-1-exec-1] o.s.web.servlet.DispatcherServlet        : Initializing Servlet 'dispatcherServlet'
2026-09-11 16:28:11.163  INFO 28516 --- [http-nio-auto-1-exec-1] o.s.web.servlet.DispatcherServlet        : Completed initialization in 1 ms
2026-09-11 16:28:14.603  INFO 28516 --- [http-nio-auto-1-exec-1] o.springdoc.api.AbstractOpenApiResource  : Init duration for springdoc-openapi is: 81 ms
2026-09-11 16:28:18.756  INFO 28516 --- [DiscoveryClient-HeartbeatExecutor-0] com.netflix.discovery.DiscoveryClient    : DiscoveryClient_MSCARTOES/msCartoes:6d056f954487263d0e81578efc46952f  - Re-registering apps/MSCARTOES
2026-09-11 16:28:18.757  INFO 28516 --- [DiscoveryClient-HeartbeatExecutor-0] com.netflix.discovery.DiscoveryClient    : DiscoveryClient_MSCARTOES/msCartoes:6d056f954487263d0e81578efc46952f : registering service...
2026-09-11 16:28:18.758  INFO 28516 --- [DiscoveryClient-HeartbeatExecutor-0] com.netflix.discovery.DiscoveryClient    : DiscoveryClient_MSCARTOES/msCartoes:6d056f954487263d0e81578efc46952f  - registration status: 204
2026-09-11 16:28:48.762  INFO 28516 --- [DiscoveryClient-HeartbeatExecutor-0] com.netflix.discovery.DiscoveryClient    : DiscoveryClient_MSCARTOES/msCartoes:6d056f954487263d0e81578efc46952f  - Re-registering apps/MSCARTOES
2026-09-11 16:28:48.762  INFO 28516 --- [DiscoveryClient-HeartbeatExecutor-0] com.netflix.discovery.DiscoveryClient    : DiscoveryClient_MSCARTOES/msCartoes:6d056f954487263d0e81578efc46952f : registering service...
2026-09-11 16:28:48.764  INFO 28516 --- [DiscoveryClient-HeartbeatExecutor-0] com.netflix.discovery.DiscoveryClient    : DiscoveryClient_MSCARTOES/msCartoes:6d056f954487263d0e81578efc46952f  - registration status: 204
2026-09-11 16:29:18.767  INFO 28516 --- [DiscoveryClient-HeartbeatExecutor-0] com.netflix.discovery.DiscoveryClient    : DiscoveryClient_MSCARTOES/msCartoes:6d056f954487263d0e81578efc46952f  - Re-registering apps/MSCARTOES
2026-09-11 16:29:18.767  INFO 28516 --- [DiscoveryClient-HeartbeatExecutor-0] com.netflix.discovery.DiscoveryClient    : DiscoveryClient_MSCARTOES/msCartoes:6d056f954487263d0e81578efc46952f : registering service...
2026-09-11 16:29:18.769  INFO 28516 --- [DiscoveryClient-HeartbeatExecutor-0] com.netflix.discovery.DiscoveryClient    : DiscoveryClient_MSCARTOES/msCartoes:6d056f954487263d0e81578efc46952f  - registration status: 204
2026-09-11 16:29:48.773  INFO 28516 --- [DiscoveryClient-HeartbeatExecutor-0] com.netflix.discovery.DiscoveryClient    : DiscoveryClient_MSCARTOES/msCartoes:6d056f954487263d0e81578efc46952f  - Re-registering apps/MSCARTOES
2026-09-11 16:29:48.773  INFO 28516 --- [DiscoveryClient-HeartbeatExecutor-0] com.netflix.discovery.DiscoveryClient    : DiscoveryClient_MSCARTOES/msCartoes:6d056f954487263d0e81578efc46952f : registering service...
2026-09-11 16:29:48.775  INFO 28516 --- [DiscoveryClient-HeartbeatExecutor-0] com.netflix.discovery.DiscoveryClient    : DiscoveryClient_MSCARTOES/msCartoes:6d056f954487263d0e81578efc46952f  - registration status: 204
2026-09-11 16:30:18.779  INFO 28516 --- [DiscoveryClient-HeartbeatExecutor-0] com.netflix.discovery.DiscoveryClient    : DiscoveryClient_MSCARTOES/msCartoes:6d056f954487263d0e81578efc46952f  - Re-registering apps/MSCARTOES
2026-09-11 16:30:18.779  INFO 28516 --- [DiscoveryClient-HeartbeatExecutor-0] com.netflix.discovery.DiscoveryClient    : DiscoveryClient_MSCARTOES/msCartoes:6d056f954487263d0e81578efc46952f : registering service...
2026-09-11 16:30:18.781  INFO 28516 --- [DiscoveryClient-HeartbeatExecutor-0] com.netflix.discovery.DiscoveryClient    : DiscoveryClient_MSCARTOES/msCartoes:6d056f954487263d0e81578efc46952f  - registration status: 204
2026-09-11 16:30:48.785  INFO 28516 --- [DiscoveryClient-HeartbeatExecutor-0] com.netflix.discovery.DiscoveryClient    : DiscoveryClient_MSCARTOES/msCartoes:6d056f954487263d0e81578efc46952f  - Re-registering apps/MSCARTOES
2026-09-11 16:30:48.785  INFO 28516 --- [DiscoveryClient-HeartbeatExecutor-0] com.netflix.discovery.DiscoveryClient    : DiscoveryClient_MSCARTOES/msCartoes:6d056f954487263d0e81578efc46952f : registering service...
2026-09-11 16:30:48.787  INFO 28516 --- [DiscoveryClient-HeartbeatExecutor-0] com.netflix.discovery.DiscoveryClient    : DiscoveryClient_MSCARTOES/msCartoes:6d056f954487263d0e81578efc46952f  - registration status: 204
2026-09-11 16:31:18.790  INFO 28516 --- [DiscoveryClient-HeartbeatExecutor-0] com.netflix.discovery.DiscoveryClient    : DiscoveryClient_MSCARTOES/msCartoes:6d056f954487263d0e81578efc46952f  - Re-registering apps/MSCARTOES
2026-09-11 16:31:18.790  INFO 28516 --- [DiscoveryClient-HeartbeatExecutor-0] com.netflix.discovery.DiscoveryClient    : DiscoveryClient_MSCARTOES/msCartoes:6d056f954487263d0e81578efc46952f : registering service...
2026-09-11 16:31:18.792  INFO 28516 --- [DiscoveryClient-HeartbeatExecutor-0] com.netflix.discovery.DiscoveryClient    : DiscoveryClient_MSCARTOES/msCartoes:6d056f954487263d0e81578efc46952f  - registration status: 204
2026-09-11 16:31:48.553  INFO 28516 --- [AsyncResolver-bootstrap-executor-0] c.n.d.s.r.aws.ConfigClusterResolver      : Resolving eureka endpoints via configuration
2026-09-11 16:31:48.795  INFO 28516 --- [DiscoveryClient-HeartbeatExecutor-0] com.netflix.discovery.DiscoveryClient    : DiscoveryClient_MSCARTOES/msCartoes:6d056f954487263d0e81578efc46952f  - Re-registering apps/MSCARTOES
2026-09-11 16:31:48.796  INFO 28516 --- [DiscoveryClient-HeartbeatExecutor-0] com.netflix.discovery.DiscoveryClient    : DiscoveryClient_MSCARTOES/msCartoes:6d056f954487263d0e81578efc46952f : registering service...
2026-09-11 16:31:48.797  INFO 28516 --- [DiscoveryClient-HeartbeatExecutor-0] com.netflix.discovery.DiscoveryClient    : DiscoveryClient_MSCARTOES/msCartoes:6d056f954487263d0e81578efc46952f  - registration status: 204
2026-09-11 16:31:51.544  INFO 28516 --- [SpringApplicationShutdownHook] o.s.c.n.e.s.EurekaServiceRegistry        : Unregistering application MSCARTOES with eureka with status DOWN
2026-09-11 16:31:51.544  INFO 28516 --- [SpringApplicationShutdownHook] com.netflix.discovery.DiscoveryClient    : Saw local status change event StatusChangeEvent [timestamp=1789155111544, current=DOWN, previous=UP]
2026-09-11 16:31:51.544  INFO 28516 --- [DiscoveryClient-InstanceInfoReplicator-0] com.netflix.discovery.DiscoveryClient    : DiscoveryClient_MSCARTOES/msCartoes:6d056f954487263d0e81578efc46952f : registering service...
2026-09-11 16:31:51.547  INFO 28516 --- [DiscoveryClient-InstanceInfoReplicator-0] com.netflix.discovery.DiscoveryClient    : DiscoveryClient_MSCARTOES/msCartoes:6d056f954487263d0e81578efc46952f  - registration status: 204
2026-09-11 16:31:51.548  INFO 28516 --- [SpringApplicationShutdownHook] o.s.a.r.l.SimpleMessageListenerContainer : Waiting for workers to finish.
2026-09-11 16:31:52.003  INFO 28516 --- [SpringApplicationShutdownHook] o.s.a.r.l.SimpleMessageListenerContainer : Successfully waited for workers to finish.
2026-09-11 16:31:52.060  INFO 28516 --- [SpringApplicationShutdownHook] j.LocalContainerEntityManagerFactoryBean : Closing JPA EntityManagerFactory for persistence unit 'default'
2026-09-11 16:31:52.060  INFO 28516 --- [SpringApplicationShutdownHook] .SchemaDropperImpl$DelayedDropActionImpl : HHH000477: Starting delayed evictData of schema as part of SessionFactory shut-down'
2026-09-11 16:31:52.268  WARN 28516 --- [SpringApplicationShutdownHook] o.s.b.f.support.DisposableBeanAdapter    : Invocation of destroy method failed on bean with name 'inMemoryDatabaseShutdownExecutor': org.h2.jdbc.JdbcSQLNonTransientConnectionException: Database is already closed (to disable automatic closing at VM shutdown, add ";DB_CLOSE_ON_EXIT=FALSE" to the db URL) [90121-200]
2026-09-11 16:31:52.268  INFO 28516 --- [SpringApplicationShutdownHook] com.zaxxer.hikari.HikariDataSource       : HikariPool-1 - Shutdown initiated...
2026-09-11 16:31:52.270  INFO 28516 --- [SpringApplicationShutdownHook] com.zaxxer.hikari.HikariDataSource       : HikariPool-1 - Shutdown completed.
2026-09-11 16:31:52.270  INFO 28516 --- [SpringApplicationShutdownHook] com.netflix.discovery.DiscoveryClient    : Shutting down DiscoveryClient ...
2026-09-11 16:31:55.272  INFO 28516 --- [SpringApplicationShutdownHook] com.netflix.discovery.DiscoveryClient    : Unregistering ...
2026-09-11 16:31:55.275  INFO 28516 --- [SpringApplicationShutdownHook] com.netflix.discovery.DiscoveryClient    : DiscoveryClient_MSCARTOES/msCartoes:6d056f954487263d0e81578efc46952f  - deregister  status: 404
2026-09-11 16:31:55.278  INFO 28516 --- [SpringApplicationShutdownHook] com.netflix.discovery.DiscoveryClient    : Completed shut down of DiscoveryClient
