2026-09-11 16:04:52.147  INFO 28892 --- [restartedMain] i.g.j.msClientes.MsClientsApplication    : Starting MsClientsApplication using Java 11.0.32.1 on DESKTOP-S32H1DM with PID 28892 (D:\Cursos\Microserviços\msClientes\target\classes started by Junior in D:\Cursos\Microserviços\msClientes)
2026-09-11 16:04:52.148  INFO 28892 --- [restartedMain] i.g.j.msClientes.MsClientsApplication    : No active profile set, falling back to 1 default profile: "default"
2026-09-11 16:04:52.184  INFO 28892 --- [restartedMain] .e.DevToolsPropertyDefaultsPostProcessor : Devtools property defaults active! Set 'spring.devtools.add-properties' to 'false' to disable
2026-09-11 16:04:52.184  INFO 28892 --- [restartedMain] .e.DevToolsPropertyDefaultsPostProcessor : For additional web related logging consider setting the 'logging.level.web' property to 'DEBUG'
2026-09-11 16:04:52.668  INFO 28892 --- [restartedMain] .s.d.r.c.RepositoryConfigurationDelegate : Bootstrapping Spring Data JPA repositories in DEFAULT mode.
2026-09-11 16:04:52.697  INFO 28892 --- [restartedMain] .s.d.r.c.RepositoryConfigurationDelegate : Finished Spring Data repository scanning in 25 ms. Found 1 JPA repository interfaces.
2026-09-11 16:04:52.824  INFO 28892 --- [restartedMain] o.s.cloud.context.scope.GenericScope     : BeanFactory id=cb9ad6e4-c2bc-368d-bc6d-8dd057abaa1f
2026-09-11 16:04:53.180  INFO 28892 --- [restartedMain] o.s.b.w.embedded.tomcat.TomcatWebServer  : Tomcat initialized with port(s): 0 (http)
2026-09-11 16:04:53.186  INFO 28892 --- [restartedMain] o.apache.catalina.core.StandardService   : Starting service [Tomcat]
2026-09-11 16:04:53.186  INFO 28892 --- [restartedMain] org.apache.catalina.core.StandardEngine  : Starting Servlet engine: [Apache Tomcat/9.0.60]
2026-09-11 16:04:53.240  INFO 28892 --- [restartedMain] o.a.c.c.C.[Tomcat].[localhost].[/]       : Initializing Spring embedded WebApplicationContext
2026-09-11 16:04:53.240  INFO 28892 --- [restartedMain] w.s.c.ServletWebServerApplicationContext : Root WebApplicationContext: initialization completed in 1055 ms
2026-09-11 16:04:53.299  INFO 28892 --- [restartedMain] com.zaxxer.hikari.HikariDataSource       : HikariPool-1 - Starting...
2026-09-11 16:04:53.351  INFO 28892 --- [restartedMain] com.zaxxer.hikari.HikariDataSource       : HikariPool-1 - Start completed.
2026-09-11 16:04:53.356  INFO 28892 --- [restartedMain] o.s.b.a.h2.H2ConsoleAutoConfiguration    : H2 console available at '/h2-console'. Database available at 'jdbc:h2:mem:649adbe9-7843-4914-9d43-611c591bfe86'
2026-09-11 16:04:53.441  INFO 28892 --- [restartedMain] o.hibernate.jpa.internal.util.LogHelper  : HHH000204: Processing PersistenceUnitInfo [name: default]
2026-09-11 16:04:53.464  INFO 28892 --- [restartedMain] org.hibernate.Version                    : HHH000412: Hibernate ORM core version 5.6.7.Final
2026-09-11 16:04:53.528  INFO 28892 --- [restartedMain] o.hibernate.annotations.common.Version   : HCANN000001: Hibernate Commons Annotations {5.1.2.Final}
2026-09-11 16:04:53.577  INFO 28892 --- [restartedMain] org.hibernate.dialect.Dialect            : HHH000400: Using dialect: org.hibernate.dialect.H2Dialect
2026-09-11 16:04:53.813  INFO 28892 --- [restartedMain] o.h.e.t.j.p.i.JtaPlatformInitiator       : HHH000490: Using JtaPlatform implementation: [org.hibernate.engine.transaction.jta.platform.internal.NoJtaPlatform]
2026-09-11 16:04:53.817  INFO 28892 --- [restartedMain] j.LocalContainerEntityManagerFactoryBean : Initialized JPA EntityManagerFactory for persistence unit 'default'
2026-09-11 16:04:53.978  WARN 28892 --- [restartedMain] JpaBaseConfiguration$JpaWebConfiguration : spring.jpa.open-in-view is enabled by default. Therefore, database queries may be performed during view rendering. Explicitly configure spring.jpa.open-in-view to disable this warning
2026-09-11 16:04:54.307  WARN 28892 --- [restartedMain] o.s.b.d.a.OptionalLiveReloadServer       : Unable to start LiveReload server
2026-09-11 16:04:54.376  INFO 28892 --- [restartedMain] DiscoveryClientOptionalArgsConfiguration : Eureka HTTP Client uses RestTemplate.
2026-09-11 16:04:54.404  WARN 28892 --- [restartedMain] iguration$LoadBalancerCaffeineWarnLogger : Spring Cloud LoadBalancer is currently working with the default cache. While this cache implementation is useful for development and tests, it's recommended to use Caffeine cache in production.You can switch to using Caffeine cache, by adding it and org.springframework.cache.caffeine.CaffeineCacheManager to the classpath.
2026-09-11 16:04:54.406  INFO 28892 --- [restartedMain] o.s.b.a.e.web.EndpointLinksResolver      : Exposing 17 endpoint(s) beneath base path '/actuator'
2026-09-11 16:04:54.432  INFO 28892 --- [restartedMain] o.s.b.w.embedded.tomcat.TomcatWebServer  : Tomcat started on port(s): 49831 (http) with context path ''
2026-09-11 16:04:54.433  INFO 28892 --- [restartedMain] .s.c.n.e.s.EurekaAutoServiceRegistration : Updating port to 49831
2026-09-11 16:04:54.435  INFO 28892 --- [restartedMain] o.s.c.n.eureka.InstanceInfoFactory       : Setting initial instance status as: STARTING
2026-09-11 16:04:54.471  INFO 28892 --- [restartedMain] com.netflix.discovery.DiscoveryClient    : Initializing Eureka in region us-east-1
2026-09-11 16:04:54.472  INFO 28892 --- [restartedMain] c.n.d.s.r.aws.ConfigClusterResolver      : Resolving eureka endpoints via configuration
2026-09-11 16:04:54.483  INFO 28892 --- [restartedMain] com.netflix.discovery.DiscoveryClient    : Disable delta property : false
2026-09-11 16:04:54.483  INFO 28892 --- [restartedMain] com.netflix.discovery.DiscoveryClient    : Single vip registry refresh property : null
2026-09-11 16:04:54.483  INFO 28892 --- [restartedMain] com.netflix.discovery.DiscoveryClient    : Force full registry fetch : false
2026-09-11 16:04:54.483  INFO 28892 --- [restartedMain] com.netflix.discovery.DiscoveryClient    : Application is null : false
2026-09-11 16:04:54.483  INFO 28892 --- [restartedMain] com.netflix.discovery.DiscoveryClient    : Registered Applications size is zero : true
2026-09-11 16:04:54.483  INFO 28892 --- [restartedMain] com.netflix.discovery.DiscoveryClient    : Application version is -1: true
2026-09-11 16:04:54.483  INFO 28892 --- [restartedMain] com.netflix.discovery.DiscoveryClient    : Getting all instance registry info from the eureka server
2026-09-11 16:04:54.690  INFO 28892 --- [restartedMain] com.netflix.discovery.DiscoveryClient    : The response status is 200
2026-09-11 16:04:54.692  INFO 28892 --- [restartedMain] com.netflix.discovery.DiscoveryClient    : Starting heartbeat executor: renew interval is: 30
2026-09-11 16:04:54.693  INFO 28892 --- [restartedMain] c.n.discovery.InstanceInfoReplicator     : InstanceInfoReplicator onDemand update allowed rate per min is 4
2026-09-11 16:04:54.695  INFO 28892 --- [restartedMain] com.netflix.discovery.DiscoveryClient    : Discovery Client initialized at timestamp 1789153494695 with initial instances count: 7
2026-09-11 16:04:54.697  INFO 28892 --- [restartedMain] o.s.c.n.e.s.EurekaServiceRegistry        : Registering application MSCLIENTES with eureka with status UP
2026-09-11 16:04:54.697  INFO 28892 --- [restartedMain] com.netflix.discovery.DiscoveryClient    : Saw local status change event StatusChangeEvent [timestamp=1789153494697, current=UP, previous=STARTING]
2026-09-11 16:04:54.698  INFO 28892 --- [DiscoveryClient-InstanceInfoReplicator-0] com.netflix.discovery.DiscoveryClient    : DiscoveryClient_MSCLIENTES/msClientes:e82272bfd1ff03060b96f980b83fd019 : registering service...
2026-09-11 16:04:54.770  INFO 28892 --- [restartedMain] i.g.j.msClientes.MsClientsApplication    : Started MsClientsApplication in 2.979 seconds (JVM running for 3.35)
2026-09-11 16:04:54.778  INFO 28892 --- [DiscoveryClient-InstanceInfoReplicator-0] com.netflix.discovery.DiscoveryClient    : DiscoveryClient_MSCLIENTES/msClientes:e82272bfd1ff03060b96f980b83fd019  - registration status: 204
2026-09-11 16:05:08.429  INFO 28892 --- [http-nio-auto-1-exec-1] o.a.c.c.C.[Tomcat].[localhost].[/]       : Initializing Spring DispatcherServlet 'dispatcherServlet'
2026-09-11 16:05:08.429  INFO 28892 --- [http-nio-auto-1-exec-1] o.s.web.servlet.DispatcherServlet        : Initializing Servlet 'dispatcherServlet'
2026-09-11 16:05:08.430  INFO 28892 --- [http-nio-auto-1-exec-1] o.s.web.servlet.DispatcherServlet        : Completed initialization in 1 ms
2026-09-11 16:05:24.704  INFO 28892 --- [DiscoveryClient-HeartbeatExecutor-0] com.netflix.discovery.DiscoveryClient    : DiscoveryClient_MSCLIENTES/msClientes:e82272bfd1ff03060b96f980b83fd019  - Re-registering apps/MSCLIENTES
2026-09-11 16:05:24.704  INFO 28892 --- [DiscoveryClient-HeartbeatExecutor-0] com.netflix.discovery.DiscoveryClient    : DiscoveryClient_MSCLIENTES/msClientes:e82272bfd1ff03060b96f980b83fd019 : registering service...
2026-09-11 16:05:24.705  INFO 28892 --- [DiscoveryClient-HeartbeatExecutor-0] com.netflix.discovery.DiscoveryClient    : DiscoveryClient_MSCLIENTES/msClientes:e82272bfd1ff03060b96f980b83fd019  - registration status: 204
2026-09-11 16:05:54.708  INFO 28892 --- [DiscoveryClient-HeartbeatExecutor-0] com.netflix.discovery.DiscoveryClient    : DiscoveryClient_MSCLIENTES/msClientes:e82272bfd1ff03060b96f980b83fd019  - Re-registering apps/MSCLIENTES
2026-09-11 16:05:54.708  INFO 28892 --- [DiscoveryClient-HeartbeatExecutor-0] com.netflix.discovery.DiscoveryClient    : DiscoveryClient_MSCLIENTES/msClientes:e82272bfd1ff03060b96f980b83fd019 : registering service...
2026-09-11 16:05:54.710  INFO 28892 --- [DiscoveryClient-HeartbeatExecutor-0] com.netflix.discovery.DiscoveryClient    : DiscoveryClient_MSCLIENTES/msClientes:e82272bfd1ff03060b96f980b83fd019  - registration status: 204
2026-09-11 16:06:24.712  INFO 28892 --- [DiscoveryClient-HeartbeatExecutor-0] com.netflix.discovery.DiscoveryClient    : DiscoveryClient_MSCLIENTES/msClientes:e82272bfd1ff03060b96f980b83fd019  - Re-registering apps/MSCLIENTES
2026-09-11 16:06:24.712  INFO 28892 --- [DiscoveryClient-HeartbeatExecutor-0] com.netflix.discovery.DiscoveryClient    : DiscoveryClient_MSCLIENTES/msClientes:e82272bfd1ff03060b96f980b83fd019 : registering service...
2026-09-11 16:06:24.714  INFO 28892 --- [DiscoveryClient-HeartbeatExecutor-0] com.netflix.discovery.DiscoveryClient    : DiscoveryClient_MSCLIENTES/msClientes:e82272bfd1ff03060b96f980b83fd019  - registration status: 204
2026-09-11 16:06:54.717  INFO 28892 --- [DiscoveryClient-HeartbeatExecutor-0] com.netflix.discovery.DiscoveryClient    : DiscoveryClient_MSCLIENTES/msClientes:e82272bfd1ff03060b96f980b83fd019  - Re-registering apps/MSCLIENTES
2026-09-11 16:06:54.717  INFO 28892 --- [DiscoveryClient-HeartbeatExecutor-0] com.netflix.discovery.DiscoveryClient    : DiscoveryClient_MSCLIENTES/msClientes:e82272bfd1ff03060b96f980b83fd019 : registering service...
2026-09-11 16:06:54.719  INFO 28892 --- [DiscoveryClient-HeartbeatExecutor-0] com.netflix.discovery.DiscoveryClient    : DiscoveryClient_MSCLIENTES/msClientes:e82272bfd1ff03060b96f980b83fd019  - registration status: 204
2026-09-11 16:07:24.722  INFO 28892 --- [DiscoveryClient-HeartbeatExecutor-0] com.netflix.discovery.DiscoveryClient    : DiscoveryClient_MSCLIENTES/msClientes:e82272bfd1ff03060b96f980b83fd019  - Re-registering apps/MSCLIENTES
2026-09-11 16:07:24.722  INFO 28892 --- [DiscoveryClient-HeartbeatExecutor-0] com.netflix.discovery.DiscoveryClient    : DiscoveryClient_MSCLIENTES/msClientes:e82272bfd1ff03060b96f980b83fd019 : registering service...
2026-09-11 16:07:24.724  INFO 28892 --- [DiscoveryClient-HeartbeatExecutor-0] com.netflix.discovery.DiscoveryClient    : DiscoveryClient_MSCLIENTES/msClientes:e82272bfd1ff03060b96f980b83fd019  - registration status: 204
